
> frontend@0.1.0 build
> next build

  Γû▓ Next.js 14.2.35

   Creating an optimized production build ...
 Γ£ô Compiled successfully
   Linting and checking validity of types ...
node.exe : 
At line:1 char:1
+ & "C:\Program Files\nodejs/node.exe" 
"C:\Program Files\nodejs/node_mo ...
+ ~~~~~~~~~~~~~~~~~~~~~~~~~~~~~~~~~~~~~~~
~~~~~~~~~~~~~~~~~~~~~~~~~~~~~~
    + CategoryInfo          : NotSpecifi 
   ed: (:String) [], RemoteException
    + FullyQualifiedErrorId : NativeComm 
   andError
 
Failed to compile.

./app/page.tsx
19:30  Error: 'isPeopleLoading' is 
assigned a value but never used.  
@typescript-eslint/no-unused-vars
24:25  Error: Unexpected any. Specify a 
different type.  
@typescript-eslint/no-explicit-any

./app/search/page.tsx
59:9  Error: 'renderedResults' is 
assigned a value but never used.  
@typescript-eslint/no-unused-vars
72:5  Warning: React Hook useMemo has a 
missing dependency: 'query'. Either 
include it or remove the dependency 
array.  react-hooks/exhaustive-deps

./components/ErrorBoundary.tsx
89:18  Error: `'` can be escaped with 
`&apos;`, `&lsquo;`, `&#39;`, `&rsquo;`. 
 react/no-unescaped-entities

info  - Need to disable some ESLint 
rules? Learn more here: https://nextjs.or
g/docs/basic-features/eslint#disabling-ru
les
